src/controllers/admin.controller.ts(7,60): error TS2353: Object literal may only specify known properties, and 'createdAt' does not exist in type 'TripOrderByWithRelationInput | TripOrderByWithRelationInput[]'.
src/controllers/admin.controller.ts(35,55): error TS2322: Type 'string | string[]' is not assignable to type 'number | undefined'.
  Type 'string' is not assignable to type 'number'.
src/controllers/admin.controller.ts(42,42): error TS2322: Type 'string | string[]' is not assignable to type 'number | undefined'.
  Type 'string' is not assignable to type 'number'.
src/controllers/admin.controller.ts(58,32): error TS2561: Object literal may only specify known properties, but 'seatNumber' does not exist in type '(Without<TripTravelerCreateInput, TripTravelerUncheckedCreateInput> & TripTravelerUncheckedCreateInput) | (Without<...> & TripTravelerCreateInput)'. Did you mean to write 'seat_number'?
src/controllers/admin.controller.ts(67,17): error TS2322: Type 'string | string[]' is not assignable to type 'number | (TripTravelerTripIdUserIdCompoundUniqueInput & number) | undefined'.
  Type 'string' is not assignable to type 'number | (TripTravelerTripIdUserIdCompoundUniqueInput & number) | undefined'.
src/controllers/admin.controller.ts(76,50): error TS2322: Type 'string | string[]' is not assignable to type 'number | (TripTravelerTripIdUserIdCompoundUniqueInput & number) | undefined'.
  Type 'string' is not assignable to type 'number | (TripTravelerTripIdUserIdCompoundUniqueInput & number) | undefined'.
src/controllers/admin.controller.ts(100,101): error TS2353: Object literal may only specify known properties, and 'createdAt' does not exist in type 'NotificationOrderByWithRelationInput | NotificationOrderByWithRelationInput[]'.
src/controllers/admin.controller.ts(110,40): error TS2353: Object literal may only specify known properties, and 'sentBy' does not exist in type '(Without<NotificationCreateInput, NotificationUncheckedCreateInput> & NotificationUncheckedCreateInput) | (Without<...> & NotificationCreateInput)'.
src/controllers/auth.controller.ts(16,57): error TS2551: Property 'passwordHash' does not exist on type '{ email: string; id: number; name: string; phone: string | null; password_hash: string; role: string; }'. Did you mean 'password_hash'?
src/controllers/auth.controller.ts(33,60): error TS2322: Type 'string' is not assignable to type 'number'.
src/controllers/traveler.controller.ts(10,16): error TS2322: Type 'string' is not assignable to type 'number | IntFilter<"TripTraveler"> | undefined'.
src/controllers/traveler.controller.ts(22,58): error TS2322: Type 'string | string[]' is not assignable to type 'number | undefined'.
  Type 'string' is not assignable to type 'number'.
src/controllers/traveler.controller.ts(31,36): error TS2551: Property 'itineraryItem' does not exist on type 'PrismaClient<PrismaClientOptions, never, DefaultArgs>'. Did you mean 'itinerary'?
src/controllers/traveler.controller.ts(39,66): error TS2322: Type 'string | string[]' is not assignable to type 'number | IntFilter<"PackingItem"> | undefined'.
  Type 'string' is not assignable to type 'number | IntFilter<"PackingItem"> | undefined'.
src/controllers/traveler.controller.ts(48,17): error TS2322: Type 'string | string[]' is not assignable to type 'number | IntFilter<"TripStaff"> | undefined'.
  Type 'string' is not assignable to type 'number | IntFilter<"TripStaff"> | undefined'.
src/controllers/traveler.controller.ts(59,17): error TS2322: Type 'string | string[]' is not assignable to type 'number | IntFilter<"Notification"> | undefined'.
  Type 'string' is not assignable to type 'number | IntFilter<"Notification"> | undefined'.
src/controllers/traveler.controller.ts(59,38): error TS2353: Object literal may only specify known properties, and 'createdAt' does not exist in type 'NotificationOrderByWithRelationInput | NotificationOrderByWithRelationInput[]'.
src/controllers/traveler.controller.ts(69,24): error TS2345: Argument of type 'string | string[]' is not assignable to parameter of type 'string'.
  Type 'string[]' is not assignable to type 'string'.
src/services/ai.service.ts(10,14): error TS2322: Type 'string' is not assignable to type 'number'.
src/services/sos.service.ts(5,60): error TS2322: Type 'string' is not assignable to type 'number'.
src/services/sos.service.ts(7,15): error TS2322: Type 'string' is not assignable to type 'number'.
src/services/sos.service.ts(17,29): error TS2339: Property 'staff' does not exist on type '{ id: number; title: string; destination: string; departure_date: Date; return_date: Date; departure_city: string; vehicle_number: string | null; vehicle_type: string | null; group_size: number | null; departure_point: string | null; max_altitude: string | null; difficulty: string | null; }'.
src/services/sos.service.ts(17,39): error TS7006: Parameter 's' implicitly has an 'any' type.
